12:38:54 **** Incremental Build of configuration Debug for project STM32L010RBT6_ADC_IN6 ****
make -j4 all 
arm-none-eabi-gcc "../Core/Src/main.c" -mcpu=cortex-m0plus -std=gnu11 -g3 -DDEBUG -DUSE_HAL_DRIVER -DSTM32L010xB -c -I../Core/Inc -I../Drivers/STM32L0xx_HAL_Driver/Inc -I../Drivers/STM32L0xx_HAL_Driver/Inc/Legacy -I../Drivers/CMSIS/Device/ST/STM32L0xx/Include -I../Drivers/CMSIS/Include -O0 -ffunction-sections -fdata-sections -Wall -fstack-usage -fcyclomatic-complexity -MMD -MP -MF"Core/Src/main.d" -MT"Core/Src/main.o" --specs=nano.specs -mfloat-abi=soft -mthumb -o "Core/Src/main.o"
arm-none-eabi-gcc -o "STM32L010RBT6_ADC_IN6.elf" @"objects.list"   -mcpu=cortex-m0plus -T"/home/barin/Documents/barin_stm32/STM32L010RBT6_ADC_IN6/STM32L010RBTX_FLASH.ld" --specs=nosys.specs -Wl,-Map="STM32L010RBT6_ADC_IN6.map" -Wl,--gc-sections -static --specs=nano.specs -mfloat-abi=soft -mthumb -u _printf_float -Wl,--start-group -lc -lm -Wl,--end-group
Finished building target: STM32L010RBT6_ADC_IN6.elf
 
arm-none-eabi-size  STM32L010RBT6_ADC_IN6.elf 
arm-none-eabi-objdump -h -S STM32L010RBT6_ADC_IN6.elf  > "STM32L010RBT6_ADC_IN6.list"
   text	   data	    bss	    dec	    hex	filename
  36920	    468	   2132	  39520	   9a60	STM32L010RBT6_ADC_IN6.elf
Finished building: default.size.stdout
 
Finished building: STM32L010RBT6_ADC_IN6.list
 

12:38:55 Build Finished. 0 errors, 0 warnings. (took 540ms)

